[www.blogarama.com/blog/rise-of-live-sex-cams-exploring-benefits-drawbacks.html]
[backblue.gif]
[fade.gif]
[index.html]
[www.blogarama.com/js/jquery.min.js]
[www.blogarama.com/js/scripting7b30.js]
[www.blogarama.com/css/blogoramaad05.css]
[images.pexels.com/photos/1692695/pexels-photo-16926957370.jpg]
[images.pexels.com/photos/4669830/pexels-photo-4669830.jpg]
[images.pexels.com/photos/20713473/pexels-photo-20713473.jpg]
[images.pexels.com/photos/6134955/pexels-photo-6134955.jpg]
[images.pexels.com/photos/11140376/pexels-photo-11140376.jpg]
[images.pexels.com/photos/1692695/pexels-photo-1692695.jpg]
[images.pexels.com/photos/6289060/pexels-photo-6289060.jpg]
[images.pexels.com/photos/7077849/pexels-photo-7077849.jpg]
[images.pexels.com/photos/2883417/pexels-photo-2883417.jpg]
[images.pexels.com/photos/4384778/pexels-photo-4384778.jpg]
[images.pexels.com/photos/8647089/pexels-photo-8647089.jpg]
[images.pexels.com/photos/7688664/pexels-photo-7688664.jpg]
[images.pexels.com/photos/6973092/pexels-photo-6973092.jpg]
[images.pexels.com/photos/10615943/pexels-photo-10615943.jpg]
[images.pexels.com/photos/11654276/pexels-photo-11654276.jpg]
[images.pexels.com/photos/8542554/pexels-photo-8542554.jpg]
[www.blogarama.com/img/logo-retina.png]
[www.blogarama.com/js/rocket-loader.min.js]
[www.blogarama.com/img/bottom_logo.gif]
[www.blogarama.com/js/email-decode.min.js]
[www.google-analytics.com/analytics.js]
[www.blogarama.com/blog/rise-of-live-sex-cams-exploring-benefits-drawbacks.html]
[www.blogarama.com/cdn-cgi/scripts/7d0fa10a/cloudflare-static/rocket-loader.min.js]
[www.blogarama.com/img/justify-black.gif]
[www.blogarama.com/img/top_nav_divider.gif]
[www.blogarama.com/img/logo.png]
[www.blogarama.com/img/dots.gif]
[www.blogarama.com/img/modal-gloss.png]
[www.blogarama.com/css/blogoramaad05.css]
